// Jest Snapshot v1, https://goo.gl/fbAQLP

exports[`TopAnagramsBoard Tests renders the basic template without data 1`] = `
<div>
  <div
    class="mb-5"
    data-test="box"
  >
    <h5
      class="text-center pt-5 pb-5"
      data-testid="top-anagrams-board-header"
    >
      Top 10 Most Requested Anagram Checks
    </h5>
    <ul
      class="list-group"
      data-test="list-group"
    />
  </div>
</div>
`;
